Archive member included to satisfy reference by file (symbol)

c:/program files (x86)/atmel/studio/7.0/toolchain/avr8/avr8-gnu-toolchain/bin/../lib/gcc/avr/5.4.0/avr51\libgcc.a(_exit.o)
                              C:/Program Files (x86)/Atmel/Studio/7.0/Packs/atmel/ATmega_DFP/1.3.300/gcc/dev/atmega1280/avr51/crtatmega1280.o (exit)
c:/program files (x86)/atmel/studio/7.0/toolchain/avr8/avr8-gnu-toolchain/bin/../lib/gcc/avr/5.4.0/avr51\libgcc.a(_copy_data.o)
                              freeRTOS/tasks.o (__do_copy_data)
c:/program files (x86)/atmel/studio/7.0/toolchain/avr8/avr8-gnu-toolchain/bin/../lib/gcc/avr/5.4.0/avr51\libgcc.a(_clear_bss.o)
                              freeRTOS/croutine.o (__do_clear_bss)
c:/program files (x86)/atmel/studio/7.0/toolchain/avr8/avr8-gnu-toolchain/bin/../lib/gcc/avr/5.4.0/../../../../avr/lib/avr51\libc.a(memcpy.o)
                              freeRTOS/queue.o (memcpy)

Discarded input sections

 .data          0x00000000        0x0 C:/Program Files (x86)/Atmel/Studio/7.0/Packs/atmel/ATmega_DFP/1.3.300/gcc/dev/atmega1280/avr51/crtatmega1280.o
 .bss           0x00000000        0x0 C:/Program Files (x86)/Atmel/Studio/7.0/Packs/atmel/ATmega_DFP/1.3.300/gcc/dev/atmega1280/avr51/crtatmega1280.o
 .text          0x00000000        0x0 freeRTOS/croutine.o
 .data          0x00000000        0x0 freeRTOS/croutine.o
 .bss           0x00000000        0x0 freeRTOS/croutine.o
 .text.xCoRoutineCreate
                0x00000000       0xf0 freeRTOS/croutine.o
 .text.vCoRoutineAddToDelayedList
                0x00000000       0xac freeRTOS/croutine.o
 .text.vCoRoutineSchedule
                0x00000000      0x242 freeRTOS/croutine.o
 .text.xCoRoutineRemoveFromEventList
                0x00000000       0x4a freeRTOS/croutine.o
 .bss.xPassedTicks
                0x00000000        0x4 freeRTOS/croutine.o
 .bss.xLastTickCount
                0x00000000        0x4 freeRTOS/croutine.o
 .bss.xCoRoutineTickCount
                0x00000000        0x4 freeRTOS/croutine.o
 .bss.uxTopCoRoutineReadyPriority
                0x00000000        0x1 freeRTOS/croutine.o
 .bss.pxCurrentCoRoutine
                0x00000000        0x2 freeRTOS/croutine.o
 .bss.xPendingReadyCoRoutineList
                0x00000000        0xb freeRTOS/croutine.o
 .bss.pxOverflowDelayedCoRoutineList
                0x00000000        0x2 freeRTOS/croutine.o
 .bss.pxDelayedCoRoutineList
                0x00000000        0x2 freeRTOS/croutine.o
 .bss.xDelayedCoRoutineList2
                0x00000000        0xb freeRTOS/croutine.o
 .bss.xDelayedCoRoutineList1
                0x00000000        0xb freeRTOS/croutine.o
 .bss.pxReadyCoRoutineLists
                0x00000000       0x16 freeRTOS/croutine.o
 .comment       0x00000000       0x31 freeRTOS/croutine.o
 .text          0x00000000        0x0 freeRTOS/list.o
 .data          0x00000000        0x0 freeRTOS/list.o
 .bss           0x00000000        0x0 freeRTOS/list.o
 .text          0x00000000        0x0 freeRTOS/portable/GCC/ATMega1280/port.o
 .data          0x00000000        0x0 freeRTOS/portable/GCC/ATMega1280/port.o
 .bss           0x00000000        0x0 freeRTOS/portable/GCC/ATMega1280/port.o
 .text.vPortEndScheduler
                0x00000000        0x2 freeRTOS/portable/GCC/ATMega1280/port.o
 .text          0x00000000        0x0 freeRTOS/portable/MemMang/heap_1.o
 .data          0x00000000        0x0 freeRTOS/portable/MemMang/heap_1.o
 .bss           0x00000000        0x0 freeRTOS/portable/MemMang/heap_1.o
 .text.vPortInitialiseBlocks
                0x00000000        0xa freeRTOS/portable/MemMang/heap_1.o
 .text.xPortGetFreeHeapSize
                0x00000000       0x12 freeRTOS/portable/MemMang/heap_1.o
 .text          0x00000000        0x0 freeRTOS/queue.o
 .data          0x00000000        0x0 freeRTOS/queue.o
 .bss           0x00000000        0x0 freeRTOS/queue.o
 .text.prvIsQueueEmpty
                0x00000000       0x16 freeRTOS/queue.o
 .text.prvCopyDataToQueue
                0x00000000       0x90 freeRTOS/queue.o
 .text.prvCopyDataFromQueue
                0x00000000       0x34 freeRTOS/queue.o
 .text.prvUnlockQueue
                0x00000000       0x7c freeRTOS/queue.o
 .text.xQueueGenericReset
                0x00000000       0x7e freeRTOS/queue.o
 .text.xQueueGenericCreate
                0x00000000       0x46 freeRTOS/queue.o
 .text.xQueueGenericSend
                0x00000000      0x140 freeRTOS/queue.o
 .text.xQueueGenericSendFromISR
                0x00000000       0x60 freeRTOS/queue.o
 .text.xQueueGiveFromISR
                0x00000000       0x46 freeRTOS/queue.o
 .text.xQueueReceive
                0x00000000      0x13c freeRTOS/queue.o
 .text.xQueueSemaphoreTake
                0x00000000      0x124 freeRTOS/queue.o
 .text.xQueuePeek
                0x00000000      0x13c freeRTOS/queue.o
 .text.xQueueReceiveFromISR
                0x00000000       0x5e freeRTOS/queue.o
 .text.xQueuePeekFromISR
                0x00000000       0x2e freeRTOS/queue.o
 .text.uxQueueMessagesWaiting
                0x00000000       0x10 freeRTOS/queue.o
 .text.uxQueueSpacesAvailable
                0x00000000       0x14 freeRTOS/queue.o
 .text.uxQueueMessagesWaitingFromISR
                0x00000000        0x6 freeRTOS/queue.o
 .text.vQueueDelete
                0x00000000        0x4 freeRTOS/queue.o
 .text.xQueueIsQueueEmptyFromISR
                0x00000000        0xc freeRTOS/queue.o
 .text.xQueueIsQueueFullFromISR
                0x00000000        0xe freeRTOS/queue.o
 .text.xQueueCRSend
                0x00000000       0x78 freeRTOS/queue.o
 .text.xQueueCRReceive
                0x00000000       0x94 freeRTOS/queue.o
 .text.xQueueCRSendFromISR
                0x00000000       0x46 freeRTOS/queue.o
 .text.xQueueCRReceiveFromISR
                0x00000000       0x7a freeRTOS/queue.o
 .comment       0x00000000       0x31 freeRTOS/queue.o
 .text          0x00000000        0x0 freeRTOS/tasks.o
 .data          0x00000000        0x0 freeRTOS/tasks.o
 .bss           0x00000000        0x0 freeRTOS/tasks.o
 .text.vTaskResume
                0x00000000       0x8e freeRTOS/tasks.o
 .text.xTaskResumeFromISR
                0x00000000       0x90 freeRTOS/tasks.o
 .text.vTaskEndScheduler
                0x00000000        0xa freeRTOS/tasks.o
 .text.xTaskGetTickCountFromISR
                0x00000000       0x12 freeRTOS/tasks.o
 .text.uxTaskGetNumberOfTasks
                0x00000000        0x6 freeRTOS/tasks.o
 .text.pcTaskGetName
                0x00000000       0x10 freeRTOS/tasks.o
 .text.vTaskDelay
                0x00000000       0x3a freeRTOS/tasks.o
 .text.xTaskCatchUpTicks
                0x00000000       0x44 freeRTOS/tasks.o
 .text.vTaskSuspend
                0x00000000       0xac freeRTOS/tasks.o
 .text.vTaskPlaceOnEventList
                0x00000000       0x2e freeRTOS/tasks.o
 .text.vTaskPlaceOnUnorderedEventList
                0x00000000       0x48 freeRTOS/tasks.o
 .text.xTaskRemoveFromEventList
                0x00000000       0x80 freeRTOS/tasks.o
 .text.vTaskRemoveFromUnorderedEventList
                0x00000000       0x68 freeRTOS/tasks.o
 .text.vTaskSetTimeOutState
                0x00000000       0x2c freeRTOS/tasks.o
 .text.vTaskInternalSetTimeOutState
                0x00000000       0x22 freeRTOS/tasks.o
 .text.xTaskCheckForTimeOut
                0x00000000       0xa8 freeRTOS/tasks.o
 .text.vTaskMissedYield
                0x00000000        0x8 freeRTOS/tasks.o
 .text.uxTaskResetEventItemValue
                0x00000000       0x6c freeRTOS/tasks.o
 .text.ulTaskNotifyTake
                0x00000000       0xba freeRTOS/tasks.o
 .text.xTaskNotifyWait
                0x00000000      0x11a freeRTOS/tasks.o
 .text.xTaskGenericNotify
                0x00000000       0xd2 freeRTOS/tasks.o
 .text.xTaskGenericNotifyFromISR
                0x00000000       0xf4 freeRTOS/tasks.o
 .text.vTaskNotifyGiveFromISR
                0x00000000       0xa4 freeRTOS/tasks.o
 .text.xTaskNotifyStateClear
                0x00000000       0x28 freeRTOS/tasks.o
 .text.ulTaskNotifyValueClear
                0x00000000       0x66 freeRTOS/tasks.o
 .text          0x00000000        0x0 main.o
 .data          0x00000000        0x0 main.o
 .bss           0x00000000        0x0 main.o
 .text          0x00000000        0x0 c:/program files (x86)/atmel/studio/7.0/toolchain/avr8/avr8-gnu-toolchain/bin/../lib/gcc/avr/5.4.0/avr51\libgcc.a(_exit.o)
 .data          0x00000000        0x0 c:/program files (x86)/atmel/studio/7.0/toolchain/avr8/avr8-gnu-toolchain/bin/../lib/gcc/avr/5.4.0/avr51\libgcc.a(_exit.o)
 .bss           0x00000000        0x0 c:/program files (x86)/atmel/studio/7.0/toolchain/avr8/avr8-gnu-toolchain/bin/../lib/gcc/avr/5.4.0/avr51\libgcc.a(_exit.o)
 .text.libgcc.mul
                0x00000000        0x0 c:/program files (x86)/atmel/studio/7.0/toolchain/avr8/avr8-gnu-toolchain/bin/../lib/gcc/avr/5.4.0/avr51\libgcc.a(_exit.o)
 .text.libgcc.div
                0x00000000        0x0 c:/program files (x86)/atmel/studio/7.0/toolchain/avr8/avr8-gnu-toolchain/bin/../lib/gcc/avr/5.4.0/avr51\libgcc.a(_exit.o)
 .text.libgcc   0x00000000        0x0 c:/program files (x86)/atmel/studio/7.0/toolchain/avr8/avr8-gnu-toolchain/bin/../lib/gcc/avr/5.4.0/avr51\libgcc.a(_exit.o)
 .text.libgcc.prologue
                0x00000000        0x0 c:/program files (x86)/atmel/studio/7.0/toolchain/avr8/avr8-gnu-toolchain/bin/../lib/gcc/avr/5.4.0/avr51\libgcc.a(_exit.o)
 .text.libgcc.builtins
                0x00000000        0x0 c:/program files (x86)/atmel/studio/7.0/toolchain/avr8/avr8-gnu-toolchain/bin/../lib/gcc/avr/5.4.0/avr51\libgcc.a(_exit.o)
 .text.libgcc.fmul
                0x00000000        0x0 c:/program files (x86)/atmel/studio/7.0/toolchain/avr8/avr8-gnu-toolchain/bin/../lib/gcc/avr/5.4.0/avr51\libgcc.a(_exit.o)
 .text.libgcc.fixed
                0x00000000        0x0 c:/program files (x86)/atmel/studio/7.0/toolchain/avr8/avr8-gnu-toolchain/bin/../lib/gcc/avr/5.4.0/avr51\libgcc.a(_exit.o)
 .text          0x00000000        0x0 c:/program files (x86)/atmel/studio/7.0/toolchain/avr8/avr8-gnu-toolchain/bin/../lib/gcc/avr/5.4.0/avr51\libgcc.a(_copy_data.o)
 .data          0x00000000        0x0 c:/program files (x86)/atmel/studio/7.0/toolchain/avr8/avr8-gnu-toolchain/bin/../lib/gcc/avr/5.4.0/avr51\libgcc.a(_copy_data.o)
 .bss           0x00000000        0x0 c:/program files (x86)/atmel/studio/7.0/toolchain/avr8/avr8-gnu-toolchain/bin/../lib/gcc/avr/5.4.0/avr51\libgcc.a(_copy_data.o)
 .text.libgcc.mul
                0x00000000        0x0 c:/program files (x86)/atmel/studio/7.0/toolchain/avr8/avr8-gnu-toolchain/bin/../lib/gcc/avr/5.4.0/avr51\libgcc.a(_copy_data.o)
 .text.libgcc.div
                0x00000000        0x0 c:/program files (x86)/atmel/studio/7.0/toolchain/avr8/avr8-gnu-toolchain/bin/../lib/gcc/avr/5.4.0/avr51\libgcc.a(_copy_data.o)
 .text.libgcc   0x00000000        0x0 c:/program files (x86)/atmel/studio/7.0/toolchain/avr8/avr8-gnu-toolchain/bin/../lib/gcc/avr/5.4.0/avr51\libgcc.a(_copy_data.o)
 .text.libgcc.prologue
                0x00000000        0x0 c:/program files (x86)/atmel/studio/7.0/toolchain/avr8/avr8-gnu-toolchain/bin/../lib/gcc/avr/5.4.0/avr51\libgcc.a(_copy_data.o)
 .text.libgcc.builtins
                0x00000000        0x0 c:/program files (x86)/atmel/studio/7.0/toolchain/avr8/avr8-gnu-toolchain/bin/../lib/gcc/avr/5.4.0/avr51\libgcc.a(_copy_data.o)
 .text.libgcc.fmul
                0x00000000        0x0 c:/program files (x86)/atmel/studio/7.0/toolchain/avr8/avr8-gnu-toolchain/bin/../lib/gcc/avr/5.4.0/avr51\libgcc.a(_copy_data.o)
 .text.libgcc.fixed
                0x00000000        0x0 c:/program files (x86)/atmel/studio/7.0/toolchain/avr8/avr8-gnu-toolchain/bin/../lib/gcc/avr/5.4.0/avr51\libgcc.a(_copy_data.o)
 .text          0x00000000        0x0 c:/program files (x86)/atmel/studio/7.0/toolchain/avr8/avr8-gnu-toolchain/bin/../lib/gcc/avr/5.4.0/avr51\libgcc.a(_clear_bss.o)
 .data          0x00000000        0x0 c:/program files (x86)/atmel/studio/7.0/toolchain/avr8/avr8-gnu-toolchain/bin/../lib/gcc/avr/5.4.0/avr51\libgcc.a(_clear_bss.o)
 .bss           0x00000000        0x0 c:/program files (x86)/atmel/studio/7.0/toolchain/avr8/avr8-gnu-toolchain/bin/../lib/gcc/avr/5.4.0/avr51\libgcc.a(_clear_bss.o)
 .text.libgcc.mul
                0x00000000        0x0 c:/program files (x86)/atmel/studio/7.0/toolchain/avr8/avr8-gnu-toolchain/bin/../lib/gcc/avr/5.4.0/avr51\libgcc.a(_clear_bss.o)
 .text.libgcc.div
                0x00000000        0x0 c:/program files (x86)/atmel/studio/7.0/toolchain/avr8/avr8-gnu-toolchain/bin/../lib/gcc/avr/5.4.0/avr51\libgcc.a(_clear_bss.o)
 .text.libgcc   0x00000000        0x0 c:/program files (x86)/atmel/studio/7.0/toolchain/avr8/avr8-gnu-toolchain/bin/../lib/gcc/avr/5.4.0/avr51\libgcc.a(_clear_bss.o)
 .text.libgcc.prologue
                0x00000000        0x0 c:/program files (x86)/atmel/studio/7.0/toolchain/avr8/avr8-gnu-toolchain/bin/../lib/gcc/avr/5.4.0/avr51\libgcc.a(_clear_bss.o)
 .text.libgcc.builtins
                0x00000000        0x0 c:/program files (x86)/atmel/studio/7.0/toolchain/avr8/avr8-gnu-toolchain/bin/../lib/gcc/avr/5.4.0/avr51\libgcc.a(_clear_bss.o)
 .text.libgcc.fmul
                0x00000000        0x0 c:/program files (x86)/atmel/studio/7.0/toolchain/avr8/avr8-gnu-toolchain/bin/../lib/gcc/avr/5.4.0/avr51\libgcc.a(_clear_bss.o)
 .text.libgcc.fixed
                0x00000000        0x0 c:/program files (x86)/atmel/studio/7.0/toolchain/avr8/avr8-gnu-toolchain/bin/../lib/gcc/avr/5.4.0/avr51\libgcc.a(_clear_bss.o)
 .text          0x00000000        0x0 c:/program files (x86)/atmel/studio/7.0/toolchain/avr8/avr8-gnu-toolchain/bin/../lib/gcc/avr/5.4.0/../../../../avr/lib/avr51\libc.a(memcpy.o)
 .data          0x00000000        0x0 c:/program files (x86)/atmel/studio/7.0/toolchain/avr8/avr8-gnu-toolchain/bin/../lib/gcc/avr/5.4.0/../../../../avr/lib/avr51\libc.a(memcpy.o)
 .bss           0x00000000        0x0 c:/program files (x86)/atmel/studio/7.0/toolchain/avr8/avr8-gnu-toolchain/bin/../lib/gcc/avr/5.4.0/../../../../avr/lib/avr51\libc.a(memcpy.o)
 .text.avr-libc
                0x00000000       0x12 c:/program files (x86)/atmel/studio/7.0/toolchain/avr8/avr8-gnu-toolchain/bin/../lib/gcc/avr/5.4.0/../../../../avr/lib/avr51\libc.a(memcpy.o)

Memory Configuration

Name             Origin             Length             Attributes
text             0x00000000         0x00020000         xr
data             0x00800100         0x0000ff00         rw !x
eeprom           0x00810000         0x00010000         rw !x
fuse             0x00820000         0x00000003         rw !x
lock             0x00830000         0x00000400         rw !x
signature        0x00840000         0x00000400         rw !x
user_signatures  0x00850000         0x00000400         rw !x
*default*        0x00000000         0xffffffff

Linker script and memory map

Address of section .data set to 0x800200
LOAD C:/Program Files (x86)/Atmel/Studio/7.0/Packs/atmel/ATmega_DFP/1.3.300/gcc/dev/atmega1280/avr51/crtatmega1280.o
LOAD freeRTOS/croutine.o
LOAD freeRTOS/list.o
LOAD freeRTOS/portable/GCC/ATMega1280/port.o
LOAD freeRTOS/portable/MemMang/heap_1.o
LOAD freeRTOS/queue.o
LOAD freeRTOS/tasks.o
LOAD main.o
START GROUP
LOAD c:/program files (x86)/atmel/studio/7.0/toolchain/avr8/avr8-gnu-toolchain/bin/../lib/gcc/avr/5.4.0/../../../../avr/lib/avr51\libm.a
END GROUP
START GROUP
LOAD c:/program files (x86)/atmel/studio/7.0/toolchain/avr8/avr8-gnu-toolchain/bin/../lib/gcc/avr/5.4.0/avr51\libgcc.a
LOAD c:/program files (x86)/atmel/studio/7.0/toolchain/avr8/avr8-gnu-toolchain/bin/../lib/gcc/avr/5.4.0/../../../../avr/lib/avr51\libm.a
LOAD c:/program files (x86)/atmel/studio/7.0/toolchain/avr8/avr8-gnu-toolchain/bin/../lib/gcc/avr/5.4.0/../../../../avr/lib/avr51\libc.a
LOAD C:/Program Files (x86)/Atmel/Studio/7.0/Packs/atmel/ATmega_DFP/1.3.300/gcc/dev/atmega1280/avr51\libatmega1280.a
END GROUP
                0x00000000                __TEXT_REGION_ORIGIN__ = DEFINED (__TEXT_REGION_ORIGIN__)?__TEXT_REGION_ORIGIN__:0x0
                0x00800100                __DATA_REGION_ORIGIN__ = DEFINED (__DATA_REGION_ORIGIN__)?__DATA_REGION_ORIGIN__:0x800100
                0x00020000                __TEXT_REGION_LENGTH__ = DEFINED (__TEXT_REGION_LENGTH__)?__TEXT_REGION_LENGTH__:0x20000
                0x0000ff00                __DATA_REGION_LENGTH__ = DEFINED (__DATA_REGION_LENGTH__)?__DATA_REGION_LENGTH__:0xff00
                0x00010000                __EEPROM_REGION_LENGTH__ = DEFINED (__EEPROM_REGION_LENGTH__)?__EEPROM_REGION_LENGTH__:0x10000
                [0x00000003]                __FUSE_REGION_LENGTH__ = DEFINED (__FUSE_REGION_LENGTH__)?__FUSE_REGION_LENGTH__:0x400
                0x00000400                __LOCK_REGION_LENGTH__ = DEFINED (__LOCK_REGION_LENGTH__)?__LOCK_REGION_LENGTH__:0x400
                0x00000400                __SIGNATURE_REGION_LENGTH__ = DEFINED (__SIGNATURE_REGION_LENGTH__)?__SIGNATURE_REGION_LENGTH__:0x400
                0x00000400                __USER_SIGNATURE_REGION_LENGTH__ = DEFINED (__USER_SIGNATURE_REGION_LENGTH__)?__USER_SIGNATURE_REGION_LENGTH__:0x400

.hash
 *(.hash)

.dynsym
 *(.dynsym)

.dynstr
 *(.dynstr)

.gnu.version
 *(.gnu.version)

.gnu.version_d
 *(.gnu.version_d)

.gnu.version_r
 *(.gnu.version_r)

.rel.init
 *(.rel.init)

.rela.init
 *(.rela.init)

.rel.text
 *(.rel.text)
 *(.rel.text.*)
 *(.rel.gnu.linkonce.t*)

.rela.text
 *(.rela.text)
 *(.rela.text.*)
 *(.rela.gnu.linkonce.t*)

.rel.fini
 *(.rel.fini)

.rela.fini
 *(.rela.fini)

.rel.rodata
 *(.rel.rodata)
 *(.rel.rodata.*)
 *(.rel.gnu.linkonce.r*)

.rela.rodata
 *(.rela.rodata)
 *(.rela.rodata.*)
 *(.rela.gnu.linkonce.r*)

.rel.data
 *(.rel.data)
 *(.rel.data.*)
 *(.rel.gnu.linkonce.d*)

.rela.data
 *(.rela.data)
 *(.rela.data.*)
 *(.rela.gnu.linkonce.d*)

.rel.ctors
 *(.rel.ctors)

.rela.ctors
 *(.rela.ctors)

.rel.dtors
 *(.rel.dtors)

.rela.dtors
 *(.rela.dtors)

.rel.got
 *(.rel.got)

.rela.got
 *(.rela.got)

.rel.bss
 *(.rel.bss)

.rela.bss
 *(.rela.bss)

.rel.plt
 *(.rel.plt)

.rela.plt
 *(.rela.plt)

.text           0x00000000      0xe72
 *(.vectors)
 .vectors       0x00000000       0xe4 C:/Program Files (x86)/Atmel/Studio/7.0/Packs/atmel/ATmega_DFP/1.3.300/gcc/dev/atmega1280/avr51/crtatmega1280.o
                0x00000000                __vector_default
                0x00000000                __vectors
 *(.vectors)
 *(.progmem.gcc*)
                0x000000e4                . = ALIGN (0x2)
                0x000000e4                __trampolines_start = .
 *(.trampolines)
 .trampolines   0x000000e4        0x0 linker stubs
 *(.trampolines*)
                0x000000e4                __trampolines_end = .
 *libprintf_flt.a:*(.progmem.data)
 *libc.a:*(.progmem.data)
 *(.progmem*)
                0x000000e4                . = ALIGN (0x2)
 *(.jumptables)
 *(.jumptables*)
 *(.lowtext)
 *(.lowtext*)
                0x000000e4                __ctors_start = .
 *(.ctors)
                0x000000e4                __ctors_end = .
                0x000000e4                __dtors_start = .
 *(.dtors)
                0x000000e4                __dtors_end = .
 SORT(*)(.ctors)
 SORT(*)(.dtors)
 *(.init0)
 .init0         0x000000e4        0x0 C:/Program Files (x86)/Atmel/Studio/7.0/Packs/atmel/ATmega_DFP/1.3.300/gcc/dev/atmega1280/avr51/crtatmega1280.o
                0x000000e4                __init
 *(.init0)
 *(.init1)
 *(.init1)
 *(.init2)
 .init2         0x000000e4        0xc C:/Program Files (x86)/Atmel/Studio/7.0/Packs/atmel/ATmega_DFP/1.3.300/gcc/dev/atmega1280/avr51/crtatmega1280.o
 *(.init2)
 *(.init3)
 *(.init3)
 *(.init4)
 .init4         0x000000f0       0x1a c:/program files (x86)/atmel/studio/7.0/toolchain/avr8/avr8-gnu-toolchain/bin/../lib/gcc/avr/5.4.0/avr51\libgcc.a(_copy_data.o)
                0x000000f0                __do_copy_data
 .init4         0x0000010a       0x10 c:/program files (x86)/atmel/studio/7.0/toolchain/avr8/avr8-gnu-toolchain/bin/../lib/gcc/avr/5.4.0/avr51\libgcc.a(_clear_bss.o)
                0x0000010a                __do_clear_bss
 *(.init4)
 *(.init5)
 *(.init5)
 *(.init6)
 *(.init6)
 *(.init7)
 *(.init7)
 *(.init8)
 *(.init8)
 *(.init9)
 .init9         0x0000011a        0x4 C:/Program Files (x86)/Atmel/Studio/7.0/Packs/atmel/ATmega_DFP/1.3.300/gcc/dev/atmega1280/avr51/crtatmega1280.o
 *(.init9)
 *(.text)
 .text          0x0000011e        0x2 C:/Program Files (x86)/Atmel/Studio/7.0/Packs/atmel/ATmega_DFP/1.3.300/gcc/dev/atmega1280/avr51/crtatmega1280.o
                0x0000011e                __vector_38
                0x0000011e                __vector_22
                0x0000011e                __vector_28
                0x0000011e                __vector_1
                0x0000011e                __vector_32
                0x0000011e                __vector_34
                0x0000011e                __vector_24
                0x0000011e                __vector_12
                0x0000011e                __vector_55
                0x0000011e                __vector_46
                0x0000011e                __bad_interrupt
                0x0000011e                __vector_6
                0x0000011e                __vector_31
                0x0000011e                __vector_35
                0x0000011e                __vector_39
                0x0000011e                __vector_3
                0x0000011e                __vector_23
                0x0000011e                __vector_30
                0x0000011e                __vector_45
                0x0000011e                __vector_25
                0x0000011e                __vector_11
                0x0000011e                __vector_54
                0x0000011e                __vector_13
                0x0000011e                __vector_19
                0x0000011e                __vector_56
                0x0000011e                __vector_7
                0x0000011e                __vector_49
                0x0000011e                __vector_41
                0x0000011e                __vector_43
                0x0000011e                __vector_27
                0x0000011e                __vector_5
                0x0000011e                __vector_33
                0x0000011e                __vector_47
                0x0000011e                __vector_52
                0x0000011e                __vector_37
                0x0000011e                __vector_4
                0x0000011e                __vector_44
                0x0000011e                __vector_51
                0x0000011e                __vector_9
                0x0000011e                __vector_2
                0x0000011e                __vector_21
                0x0000011e                __vector_15
                0x0000011e                __vector_36
                0x0000011e                __vector_29
                0x0000011e                __vector_40
                0x0000011e                __vector_8
                0x0000011e                __vector_26
                0x0000011e                __vector_48
                0x0000011e                __vector_14
                0x0000011e                __vector_53
                0x0000011e                __vector_10
                0x0000011e                __vector_50
                0x0000011e                __vector_16
                0x0000011e                __vector_18
                0x0000011e                __vector_20
                0x0000011e                __vector_42
                0x00000120                . = ALIGN (0x2)
 *(.text.*)
 .text.vListInitialise
                0x00000120       0x22 freeRTOS/list.o
                0x00000120                vListInitialise
 .text.vListInitialiseItem
                0x00000142        0x8 freeRTOS/list.o
                0x00000142                vListInitialiseItem
 .text.vListInsertEnd
                0x0000014a       0x42 freeRTOS/list.o
                0x0000014a                vListInsertEnd
 .text.vListInsert
                0x0000018c       0x88 freeRTOS/list.o
                0x0000018c                vListInsert
 .text.uxListRemove
                0x00000214       0x48 freeRTOS/list.o
                0x00000214                uxListRemove
 .text.pxPortInitialiseStack
                0x0000025c       0xd8 freeRTOS/portable/GCC/ATMega1280/port.o
                0x0000025c                pxPortInitialiseStack
 .text.xPortStartScheduler
                0x00000334       0x74 freeRTOS/portable/GCC/ATMega1280/port.o
                0x00000334                xPortStartScheduler
 .text.vPortYield
                0x000003a8       0xb0 freeRTOS/portable/GCC/ATMega1280/port.o
                0x000003a8                vPortYield
 .text.vPortYieldFromTick
                0x00000458       0xb4 freeRTOS/portable/GCC/ATMega1280/port.o
                0x00000458                vPortYieldFromTick
 .text.__vector_17
                0x0000050c        0x4 freeRTOS/portable/GCC/ATMega1280/port.o
                0x0000050c                __vector_17
 .text.pvPortMalloc
                0x00000510       0x60 freeRTOS/portable/MemMang/heap_1.o
                0x00000510                pvPortMalloc
 .text.vPortFree
                0x00000570        0x2 freeRTOS/portable/MemMang/heap_1.o
                0x00000570                vPortFree
 .text.prvResetNextTaskUnblockTime
                0x00000572       0x44 freeRTOS/tasks.o
 .text.prvAddCurrentTaskToDelayedList
                0x000005b6       0xfe freeRTOS/tasks.o
 .text.prvIdleTask
                0x000006b4       0x44 freeRTOS/tasks.o
 .text.xTaskCreate
                0x000006f8      0x1ea freeRTOS/tasks.o
                0x000006f8                xTaskCreate
 .text.vTaskDelete
                0x000008e2       0x9c freeRTOS/tasks.o
                0x000008e2                vTaskDelete
 .text.vTaskStartScheduler
                0x0000097e       0x62 freeRTOS/tasks.o
                0x0000097e                vTaskStartScheduler
 .text.vTaskSuspendAll
                0x000009e0        0xc freeRTOS/tasks.o
                0x000009e0                vTaskSuspendAll
 .text.xTaskGetTickCount
                0x000009ec       0x1c freeRTOS/tasks.o
                0x000009ec                xTaskGetTickCount
 .text.xTaskIncrementTick
                0x00000a08      0x1ac freeRTOS/tasks.o
                0x00000a08                xTaskIncrementTick
 .text.xTaskResumeAll
                0x00000bb4       0xfe freeRTOS/tasks.o
                0x00000bb4                xTaskResumeAll
 .text.vTaskDelayUntil
                0x00000cb2       0xb4 freeRTOS/tasks.o
                0x00000cb2                vTaskDelayUntil
 .text.vTaskSwitchContext
                0x00000d66       0x86 freeRTOS/tasks.o
                0x00000d66                vTaskSwitchContext
 .text.task_blinkLedBlue
                0x00000dec       0x58 main.o
                0x00000dec                task_blinkLedBlue
 .text.startup.main
                0x00000e44       0x2a main.o
                0x00000e44                main
                0x00000e6e                . = ALIGN (0x2)
 *(.fini9)
 .fini9         0x00000e6e        0x0 c:/program files (x86)/atmel/studio/7.0/toolchain/avr8/avr8-gnu-toolchain/bin/../lib/gcc/avr/5.4.0/avr51\libgcc.a(_exit.o)
                0x00000e6e                _exit
                0x00000e6e                exit
 *(.fini9)
 *(.fini8)
 *(.fini8)
 *(.fini7)
 *(.fini7)
 *(.fini6)
 *(.fini6)
 *(.fini5)
 *(.fini5)
 *(.fini4)
 *(.fini4)
 *(.fini3)
 *(.fini3)
 *(.fini2)
 *(.fini2)
 *(.fini1)
 *(.fini1)
 *(.fini0)
 .fini0         0x00000e6e        0x4 c:/program files (x86)/atmel/studio/7.0/toolchain/avr8/avr8-gnu-toolchain/bin/../lib/gcc/avr/5.4.0/avr51\libgcc.a(_exit.o)
 *(.fini0)
                0x00000e72                _etext = .

.data           0x00800200        0xa load address 0x00000e72
                0x00800200                PROVIDE (__data_start, .)
 *(.data)
 *(.data*)
 *(.gnu.linkonce.d*)
 *(.rodata)
 *(.rodata*)
 .rodata.str1.1
                0x00800200        0x5 freeRTOS/tasks.o
 .rodata.str1.1
                0x00800205        0x5 main.o
 *(.gnu.linkonce.r*)
                0x0080020a                . = ALIGN (0x2)
                0x0080020a                _edata = .
                0x0080020a                PROVIDE (__data_end, .)

.bss            0x0080020a      0x279
                0x0080020a                PROVIDE (__bss_start, .)
 *(.bss)
 *(.bss*)
 .bss.pucAlignedHeap.2101
                0x0080020a        0x2 freeRTOS/portable/MemMang/heap_1.o
 .bss.xNextFreeByte
                0x0080020c        0x2 freeRTOS/portable/MemMang/heap_1.o
 .bss.ucHeap    0x0080020e      0x1f4 freeRTOS/portable/MemMang/heap_1.o
 .bss.uxSchedulerSuspended
                0x00800402        0x1 freeRTOS/tasks.o
 .bss.xIdleTaskHandle
                0x00800403        0x2 freeRTOS/tasks.o
 .bss.xNextTaskUnblockTime
                0x00800405        0x4 freeRTOS/tasks.o
 .bss.uxTaskNumber
                0x00800409        0x1 freeRTOS/tasks.o
 .bss.xNumOfOverflows
                0x0080040a        0x1 freeRTOS/tasks.o
 .bss.xYieldPending
                0x0080040b        0x1 freeRTOS/tasks.o
 .bss.xPendedTicks
                0x0080040c        0x4 freeRTOS/tasks.o
 .bss.xSchedulerRunning
                0x00800410        0x1 freeRTOS/tasks.o
 .bss.uxTopReadyPriority
                0x00800411        0x1 freeRTOS/tasks.o
 .bss.xTickCount
                0x00800412        0x4 freeRTOS/tasks.o
 .bss.uxCurrentNumberOfTasks
                0x00800416        0x1 freeRTOS/tasks.o
 .bss.xSuspendedTaskList
                0x00800417        0xb freeRTOS/tasks.o
 .bss.uxDeletedTasksWaitingCleanUp
                0x00800422        0x1 freeRTOS/tasks.o
 .bss.xTasksWaitingTermination
                0x00800423        0xb freeRTOS/tasks.o
 .bss.xPendingReadyList
                0x0080042e        0xb freeRTOS/tasks.o
 .bss.pxOverflowDelayedTaskList
                0x00800439        0x2 freeRTOS/tasks.o
 .bss.pxDelayedTaskList
                0x0080043b        0x2 freeRTOS/tasks.o
 .bss.xDelayedTaskList2
                0x0080043d        0xb freeRTOS/tasks.o
 .bss.xDelayedTaskList1
                0x00800448        0xb freeRTOS/tasks.o
 .bss.pxReadyTasksLists
                0x00800453       0x2c freeRTOS/tasks.o
 .bss.pxCurrentTCB
                0x0080047f        0x2 freeRTOS/tasks.o
                0x0080047f                pxCurrentTCB
 .bss.blinkLedBlue_task1Handle
                0x00800481        0x2 main.o
                0x00800481                blinkLedBlue_task1Handle
 *(COMMON)
                0x00800483                PROVIDE (__bss_end, .)
                0x00000e72                __data_load_start = LOADADDR (.data)
                0x00000e7c                __data_load_end = (__data_load_start + SIZEOF (.data))

.noinit         0x00800483        0x0
                [!provide]                PROVIDE (__noinit_start, .)
 *(.noinit*)
                [!provide]                PROVIDE (__noinit_end, .)
                0x00800483                _end = .
                [!provide]                PROVIDE (__heap_start, .)

.eeprom         0x00810000        0x0
 *(.eeprom*)
                0x00810000                __eeprom_end = .

.fuse
 *(.fuse)
 *(.lfuse)
 *(.hfuse)
 *(.efuse)

.lock
 *(.lock*)

.signature
 *(.signature*)

.user_signatures
 *(.user_signatures*)

.stab
 *(.stab)

.stabstr
 *(.stabstr)

.stab.excl
 *(.stab.excl)

.stab.exclstr
 *(.stab.exclstr)

.stab.index
 *(.stab.index)

.stab.indexstr
 *(.stab.indexstr)

.comment        0x00000000       0x30
 *(.comment)
 .comment       0x00000000       0x30 freeRTOS/list.o
                                 0x31 (size before relaxing)
 .comment       0x00000030       0x31 freeRTOS/portable/GCC/ATMega1280/port.o
 .comment       0x00000030       0x31 freeRTOS/portable/MemMang/heap_1.o
 .comment       0x00000030       0x31 freeRTOS/tasks.o
 .comment       0x00000030       0x31 main.o

.note.gnu.avr.deviceinfo
                0x00000000       0x40
 .note.gnu.avr.deviceinfo
                0x00000000       0x40 C:/Program Files (x86)/Atmel/Studio/7.0/Packs/atmel/ATmega_DFP/1.3.300/gcc/dev/atmega1280/avr51/crtatmega1280.o

.note.gnu.build-id
 *(.note.gnu.build-id)

.debug
 *(.debug)

.line
 *(.line)

.debug_srcinfo
 *(.debug_srcinfo)

.debug_sfnames
 *(.debug_sfnames)

.debug_aranges
 *(.debug_aranges)

.debug_pubnames
 *(.debug_pubnames)

.debug_info     0x00000000      0xbbc
 *(.debug_info .gnu.linkonce.wi.*)
 .debug_info    0x00000000      0xbbc C:/Program Files (x86)/Atmel/Studio/7.0/Packs/atmel/ATmega_DFP/1.3.300/gcc/dev/atmega1280/avr51/crtatmega1280.o

.debug_abbrev   0x00000000      0xb1a
 *(.debug_abbrev)
 .debug_abbrev  0x00000000      0xb1a C:/Program Files (x86)/Atmel/Studio/7.0/Packs/atmel/ATmega_DFP/1.3.300/gcc/dev/atmega1280/avr51/crtatmega1280.o

.debug_line     0x00000000      0x1ed
 *(.debug_line .debug_line.* .debug_line_end)
 .debug_line    0x00000000      0x1ed C:/Program Files (x86)/Atmel/Studio/7.0/Packs/atmel/ATmega_DFP/1.3.300/gcc/dev/atmega1280/avr51/crtatmega1280.o

.debug_frame
 *(.debug_frame)

.debug_str      0x00000000      0x3e6
 *(.debug_str)
 .debug_str     0x00000000      0x3e6 C:/Program Files (x86)/Atmel/Studio/7.0/Packs/atmel/ATmega_DFP/1.3.300/gcc/dev/atmega1280/avr51/crtatmega1280.o

.debug_loc
 *(.debug_loc)

.debug_macinfo
 *(.debug_macinfo)

.debug_weaknames
 *(.debug_weaknames)

.debug_funcnames
 *(.debug_funcnames)

.debug_typenames
 *(.debug_typenames)

.debug_varnames
 *(.debug_varnames)

.debug_pubtypes
 *(.debug_pubtypes)

.debug_ranges
 *(.debug_ranges)

.debug_macro
 *(.debug_macro)
OUTPUT(freeRTOS_1280_v0.elf elf32-avr)
LOAD linker stubs
